// Jest Snapshot v1, https://goo.gl/fbAQLP

exports[`Client tests Render without crashing 1`] = `"{\\"_reactInternalInstance\\":\\"censored\\"}"`;
