// Jest Snapshot v1, https://goo.gl/fbAQLP

exports[`Test render Render without crashing 1`] = `"{\\"_reactInternalInstance\\":\\"censored\\"}"`;
